[panther.wiki/Poker168/index.html]
[backblue.gif]
[fade.gif]
[index.html]
[browser.sentry-cdn.com/6.4.1/bundle.min.js]
[www.google-analytics.com/analytics.js]
[d13pxqgp3ixdbh.cloudfront.net/uploads/1506163876509b8ca24a32514facd58dbc7e94a97c.png]
[d13pxqgp3ixdbh.cloudfront.net/uploads/1626256866fc07184cf2f31c3d96e42d9a41d464ba.jpg]
[d13pxqgp3ixdbh.cloudfront.net/uploads/1506163877a8f4928dbadcfe813dbeb97ce7ca19bf.png]
[d13pxqgp3ixdbh.cloudfront.net/uploads/1588651535d178a00e38a8118141370e17bada8724.png]
[d13pxqgp3ixdbh.cloudfront.net/uploads/1488126907fc7b8e3569cb0e8ac99203f4828b53ce.png]
[d13pxqgp3ixdbh.cloudfront.net/uploads/1615977866a6d3c5f320f7a2d902767733c76b6ba7.png]
[d13pxqgp3ixdbh.cloudfront.net/uploads/1615978828b701bb0ecfa15f4c72a16610ac1d1337.png]
[ajax.googleapis.com/ajax/libs/jquery/1/jquery.js]
[d12u7tum9sda5e.cloudfront.net/8a1ecbc.js]
[cldoffers.net/public/external/t.js]
[panther.wiki/Poker168/customTemplateGlobal.12.delayed]
[panther.wiki/Poker168/index.html]
[d13pxqgp3ixdbh.cloudfront.net/assets/landing_pages/fa/css/font-awesome.min.css]
[d13pxqgp3ixdbh.cloudfront.net/assets/landing_pages/jqueryui/images/ui-bg_diagonal-maze_75_9DD9DB_10x10.png]
[d13pxqgp3ixdbh.cloudfront.net/assets/landing_pages/jqueryui/images/ui-bg_gloss-wave_75_1A676B_500x100.png]
[d13pxqgp3ixdbh.cloudfront.net/assets/landing_pages/jqueryui/images/ui-bg_highlight-soft_75_5AA6A9_1x100.png]
[d13pxqgp3ixdbh.cloudfront.net/assets/landing_pages/jqueryui/images/ui-bg_inset-soft_75_043D3F_1x100.png]
[d13pxqgp3ixdbh.cloudfront.net/assets/landing_pages/jqueryui/images/ui-bg_highlight-soft_65_1A676B_1x100.png]
[d13pxqgp3ixdbh.cloudfront.net/assets/landing_pages/jqueryui/images/ui-bg_loop_75_FFD9B8_21x21.png]
[d13pxqgp3ixdbh.cloudfront.net/assets/landing_pages/jqueryui/images/ui-bg_diagonals-thick_75_FFB8BA_40x40.png]
[d13pxqgp3ixdbh.cloudfront.net/assets/landing_pages/jqueryui/images/ui-icons_043D3F_256x240.png]
[d13pxqgp3ixdbh.cloudfront.net/assets/landing_pages/jqueryui/images/ui-icons_9DD9DB_256x240.png]
[d13pxqgp3ixdbh.cloudfront.net/assets/landing_pages/jqueryui/images/ui-icons_1A676B_256x240.png]
[d13pxqgp3ixdbh.cloudfront.net/assets/landing_pages/jqueryui/images/ui-icons_982326_256x240.png]
[d13pxqgp3ixdbh.cloudfront.net/assets/landing_pages/jqueryui/jquery-ui.min.css]
[d13pxqgp3ixdbh.cloudfront.net/assets/content_lockers/css_front.css]
[d13pxqgp3ixdbh.cloudfront.net/assets/content_lockers/noty-2.3.8/demo/animate.css]
[d13pxqgp3ixdbh.cloudfront.net/assets/landing_pages/jqueryui/jquery-ui.min.js]
[d13pxqgp3ixdbh.cloudfront.net/assets/content_lockers/noty-2.3.8/js/noty/packaged/jquery.noty.packaged.js]
[panther.wiki/Poker168/customTemplateGlobal.html]
